J1: 121 frames @15fps from assets/clips/J1_v2.mp4 (1280x720), layers=['lines', 'matte', 'light', 'flow', 'face'], workers=1, tone={'hi': 0.800000011920929, 'gamma': 0.8341228174122165}
INFO: Created TensorFlow Lite XNNPACK delegate for CPU.
WARNING: Logging before InitGoogle() is written to STDERR
W0000 00:00:1790954313.080667   26578 inference_feedback_manager.cc:121] Feedback manager requires a model with a single signature inference. Disabling support for feedback tensors.
W0000 00:00:1790954313.521884   26583 face_landmarker_graph.cc:180] Sets FaceBlendshapesGraph acceleration to xnnpack by default.
W0000 00:00:1790954313.532581   26585 inference_feedback_manager.cc:121] Feedback manager requires a model with a single signature inference. Disabling support for feedback tensors.
W0000 00:00:1790954313.547666   26585 inference_feedback_manager.cc:121] Feedback manager requires a model with a single signature inference. Disabling support for feedback tensors.
W0000 00:00:1790954314.778148   26589 face_landmarker_graph.cc:180] Sets FaceBlendshapesGraph acceleration to xnnpack by default.
W0000 00:00:1790954314.788292   26591 inference_feedback_manager.cc:121] Feedback manager requires a model with a single signature inference. Disabling support for feedback tensors.
W0000 00:00:1790954314.816245   26591 inference_feedback_manager.cc:121] Feedback manager requires a model with a single signature inference. Disabling support for feedback tensors.
W0000 00:00:1790954314.885148   26597 inference_feedback_manager.cc:121] Feedback manager requires a model with a single signature inference. Disabling support for feedback tensors.
  J1    0/121 4.27s  flow=0.05 matte=0.46 ground=0.00 face=2.75 lines=0.38 write=0.63
  J1   10/121 2.57s  flow=0.06 matte=0.38 ground=0.00 face=1.14 lines=0.34 write=0.65
  J1   20/121 2.60s  flow=0.12 matte=0.41 ground=0.00 face=0.95 lines=0.43 write=0.70
  J1   30/121 3.20s  flow=0.09 matte=0.48 ground=0.00 face=1.26 lines=0.58 write=0.78
  J1   40/121 2.23s  flow=0.06 matte=0.42 ground=0.00 face=0.69 lines=0.41 write=0.65
  J1   50/121 1.98s  flow=0.06 matte=0.38 ground=0.00 face=0.47 lines=0.32 write=0.75
  J1   60/121 2.12s  flow=0.07 matte=0.46 ground=0.00 face=0.67 lines=0.31 write=0.60
  J1   70/121 2.63s  flow=0.06 matte=0.41 ground=0.00 face=1.22 lines=0.33 write=0.61
  J1   80/121 2.43s  flow=0.10 matte=0.51 ground=0.00 face=0.64 lines=0.37 write=0.80
  J1   90/121 3.34s  flow=0.06 matte=0.49 ground=0.00 face=1.56 lines=0.54 write=0.69
  J1  100/121 2.55s  flow=0.06 matte=0.50 ground=0.00 face=0.85 lines=0.51 write=0.63
  J1  110/121 2.54s  flow=0.06 matte=0.40 ground=0.00 face=1.04 lines=0.35 write=0.69
  J1  120/121 2.48s  flow=0.12 matte=0.56 ground=0.00 face=0.72 lines=0.35 write=0.73
J1: done 121/121 frames, wall 303.4s, 87.0 MB, mean s/frame (per worker): flow=0.079, matte=0.434, ground=0.0, face=0.875, lines=0.396, write=0.722, total=2.505
