J5b: 106 frames @15fps from assets/clips/J5b_v3.mp4 (1280x720), layers=['lines', 'matte', 'light', 'flow', 'face'], workers=1, tone={'hi': 0.9529411792755127, 'gamma': 0.5468597090514311}
INFO: Created TensorFlow Lite XNNPACK delegate for CPU.
WARNING: Logging before InitGoogle() is written to STDERR
W0000 00:00:1790958023.455189    4689 inference_feedback_manager.cc:121] Feedback manager requires a model with a single signature inference. Disabling support for feedback tensors.
W0000 00:00:1790958024.312005    4697 face_landmarker_graph.cc:180] Sets FaceBlendshapesGraph acceleration to xnnpack by default.
W0000 00:00:1790958024.324271    4699 inference_feedback_manager.cc:121] Feedback manager requires a model with a single signature inference. Disabling support for feedback tensors.
W0000 00:00:1790958024.344634    4699 inference_feedback_manager.cc:121] Feedback manager requires a model with a single signature inference. Disabling support for feedback tensors.
W0000 00:00:1790958025.194365    4703 face_landmarker_graph.cc:180] Sets FaceBlendshapesGraph acceleration to xnnpack by default.
W0000 00:00:1790958025.206668    4705 inference_feedback_manager.cc:121] Feedback manager requires a model with a single signature inference. Disabling support for feedback tensors.
W0000 00:00:1790958025.235969    4707 inference_feedback_manager.cc:121] Feedback manager requires a model with a single signature inference. Disabling support for feedback tensors.
W0000 00:00:1790958025.345316    4710 inference_feedback_manager.cc:121] Feedback manager requires a model with a single signature inference. Disabling support for feedback tensors.
  J5b    0/106 4.90s  flow=0.11 matte=0.58 ground=0.00 face=3.13 lines=0.33 write=0.75
  J5b   10/106 2.38s  flow=0.07 matte=0.43 ground=0.00 face=0.85 lines=0.31 write=0.72
  J5b   20/106 2.05s  flow=0.08 matte=0.52 ground=0.00 face=0.42 lines=0.33 write=0.69
  J5b   30/106 2.11s  flow=0.08 matte=0.49 ground=0.00 face=0.38 lines=0.35 write=0.82
  J5b   40/106 3.20s  flow=0.07 matte=0.54 ground=0.00 face=1.44 lines=0.35 write=0.80
  J5b   50/106 2.07s  flow=0.07 matte=0.48 ground=0.00 face=0.39 lines=0.39 write=0.74
  J5b   60/106 1.83s  flow=0.08 matte=0.43 ground=0.00 face=0.43 lines=0.25 write=0.64
  J5b   70/106 1.97s  flow=0.08 matte=0.52 ground=0.00 face=0.36 lines=0.33 write=0.68
  J5b   80/106 2.92s  flow=0.08 matte=0.40 ground=0.00 face=1.37 lines=0.35 write=0.71
  J5b   90/106 2.43s  flow=0.06 matte=0.43 ground=0.00 face=0.79 lines=0.44 write=0.70
  J5b  100/106 1.75s  flow=0.07 matte=0.37 ground=0.00 face=0.32 lines=0.27 write=0.72
J5b: done 106/106 frames, wall 234.8s, 60.7 MB, mean s/frame (per worker): flow=0.077, matte=0.452, ground=0.0, face=0.641, lines=0.347, write=0.695, total=2.212
