J6: 121 frames @15fps from assets/clips/J6_v3.mp4 (1280x720), layers=['lines', 'matte', 'light', 'flow', 'face'], workers=1, tone={'hi': 0.7882353067398071, 'gamma': 0.9556034342340363}
INFO: Created TensorFlow Lite XNNPACK delegate for CPU.
WARNING: Logging before InitGoogle() is written to STDERR
W0000 00:00:1790958539.646093    5179 inference_feedback_manager.cc:121] Feedback manager requires a model with a single signature inference. Disabling support for feedback tensors.
W0000 00:00:1790958540.150454    5184 face_landmarker_graph.cc:180] Sets FaceBlendshapesGraph acceleration to xnnpack by default.
W0000 00:00:1790958540.164994    5186 inference_feedback_manager.cc:121] Feedback manager requires a model with a single signature inference. Disabling support for feedback tensors.
W0000 00:00:1790958540.192277    5186 inference_feedback_manager.cc:121] Feedback manager requires a model with a single signature inference. Disabling support for feedback tensors.
W0000 00:00:1790958540.520026    5190 face_landmarker_graph.cc:180] Sets FaceBlendshapesGraph acceleration to xnnpack by default.
W0000 00:00:1790958540.530155    5192 inference_feedback_manager.cc:121] Feedback manager requires a model with a single signature inference. Disabling support for feedback tensors.
W0000 00:00:1790958540.570398    5194 inference_feedback_manager.cc:121] Feedback manager requires a model with a single signature inference. Disabling support for feedback tensors.
W0000 00:00:1790958540.709684    5199 inference_feedback_manager.cc:121] Feedback manager requires a model with a single signature inference. Disabling support for feedback tensors.
  J6    0/121 3.92s  flow=0.06 matte=0.76 ground=0.00 face=1.84 lines=0.53 write=0.73
  J6   10/121 2.29s  flow=0.08 matte=0.53 ground=0.00 face=0.52 lines=0.39 write=0.78
  J6   20/121 2.20s  flow=0.06 matte=0.45 ground=0.00 face=0.49 lines=0.38 write=0.82
  J6   30/121 2.64s  flow=0.07 matte=0.56 ground=0.00 face=0.83 lines=0.47 write=0.71
  J6   40/121 2.08s  flow=0.08 matte=0.43 ground=0.00 face=0.45 lines=0.45 write=0.67
  J6   50/121 2.38s  flow=0.08 matte=0.51 ground=0.00 face=0.52 lines=0.46 write=0.80
  J6   60/121 2.66s  flow=0.08 matte=0.60 ground=0.00 face=0.78 lines=0.38 write=0.82
  J6   70/121 2.76s  flow=0.08 matte=0.48 ground=0.00 face=0.70 lines=0.58 write=0.93
  J6   80/121 1.99s  flow=0.06 matte=0.44 ground=0.00 face=0.52 lines=0.35 write=0.62
  J6   90/121 2.03s  flow=0.08 matte=0.44 ground=0.00 face=0.51 lines=0.31 write=0.69
  J6  100/121 2.26s  flow=0.07 matte=0.43 ground=0.00 face=0.54 lines=0.33 write=0.89
  J6  110/121 2.37s  flow=0.06 matte=0.46 ground=0.00 face=0.48 lines=0.44 write=0.93
  J6  120/121 2.16s  flow=0.06 matte=0.47 ground=0.00 face=0.52 lines=0.43 write=0.68
J6: done 121/121 frames, wall 290.0s, 61.8 MB, mean s/frame (per worker): flow=0.086, matte=0.509, ground=0.0, face=0.608, lines=0.402, write=0.79, total=2.395
