J5: 76 frames @15fps from assets/clips/R_rw4.mp4 (1280x720), layers=['lines', 'matte', 'light', 'flow', 'face'], workers=1, tone={'hi': 0.8392156958580017, 'gamma': 0.5163534669564839}
INFO: Created TensorFlow Lite XNNPACK delegate for CPU.
WARNING: Logging before InitGoogle() is written to STDERR
W0000 00:00:1790999285.470210    7081 inference_feedback_manager.cc:121] Feedback manager requires a model with a single signature inference. Disabling support for feedback tensors.
W0000 00:00:1790999286.269279    7094 face_landmarker_graph.cc:180] Sets FaceBlendshapesGraph acceleration to xnnpack by default.
W0000 00:00:1790999286.284052    7097 inference_feedback_manager.cc:121] Feedback manager requires a model with a single signature inference. Disabling support for feedback tensors.
W0000 00:00:1790999286.331021    7098 inference_feedback_manager.cc:121] Feedback manager requires a model with a single signature inference. Disabling support for feedback tensors.
W0000 00:00:1790999287.629007    7099 face_landmarker_graph.cc:180] Sets FaceBlendshapesGraph acceleration to xnnpack by default.
W0000 00:00:1790999287.635614    7101 inference_feedback_manager.cc:121] Feedback manager requires a model with a single signature inference. Disabling support for feedback tensors.
W0000 00:00:1790999287.652582    7101 inference_feedback_manager.cc:121] Feedback manager requires a model with a single signature inference. Disabling support for feedback tensors.
W0000 00:00:1790999287.701900    7105 inference_feedback_manager.cc:121] Feedback manager requires a model with a single signature inference. Disabling support for feedback tensors.
  J5    0/76 5.20s  flow=0.13 matte=0.75 ground=0.00 face=3.37 lines=0.32 write=0.63
  J5   10/76 2.90s  flow=0.11 matte=0.57 ground=0.00 face=1.26 lines=0.28 write=0.69
  J5   20/76 2.61s  flow=0.07 matte=0.55 ground=0.00 face=1.07 lines=0.22 write=0.70
  J5   30/76 4.02s  flow=0.12 matte=0.58 ground=0.00 face=1.98 lines=0.40 write=0.95
  J5   40/76 2.82s  flow=0.07 matte=0.44 ground=0.00 face=1.31 lines=0.25 write=0.75
  J5   50/76 2.02s  flow=0.06 matte=0.42 ground=0.00 face=0.61 lines=0.29 write=0.64
  J5   60/76 2.35s  flow=0.07 matte=0.49 ground=0.00 face=0.82 lines=0.25 write=0.73
  J5   70/76 3.11s  flow=0.07 matte=0.36 ground=0.00 face=1.66 lines=0.25 write=0.76
J5: done 76/76 frames, wall 219.0s, 38.0 MB, mean s/frame (per worker): flow=0.086, matte=0.466, ground=0.0, face=1.284, lines=0.316, write=0.726, total=2.878
